data: !GeneratedTestData
  character: 14
  line: 242
  name: run keyword
result: !Hover
  contents:
    kind: markdown
    value: '### Keyword *Run Keyword*'
  range:
    end:
      character: 15
      line: 242
    start:
      character: 4
      line: 242
