data: !GeneratedTestData
  character: 15
  line: 182
  name: argument usage
result:
- !LocationLink
  origin_selection_range:
    end:
      character: 19
      line: 182
    start:
      character: 13
      line: 182
  target_range:
    end:
      character: 37
      line: 174
    start:
      character: 28
      line: 174
  target_selection_range:
    end:
      character: 36
      line: 174
    start:
      character: 30
      line: 174
  target_uri: goto.robot
