data: !GeneratedTestData
  character: 12
  line: 221
  name: keyword of unknown lib
result: null
