data: !GeneratedTestData
  character: 47
  line: 13
  name: resource import by path name
result: !Hover
  contents:
    kind: markdown
    value: '### Resource *firstresource*'
  range:
    end:
      character: 63
      line: 13
    start:
      character: 18
      line: 13
