data: !GeneratedTestData
  character: 40
  line: 174
  name: a default value
result:
- !LocationLink
  origin_selection_range:
    end:
      character: 42
      line: 174
    start:
      character: 40
      line: 174
  target_range:
    end:
      character: 24
      line: 174
    start:
      character: 19
      line: 174
  target_selection_range:
    end:
      character: 23
      line: 174
    start:
      character: 21
      line: 174
  target_uri: goto.robot
