data: !GeneratedTestData
  character: 10
  line: 64
  name: Robot BuilIn Namespace
result:
- !LocationLink
  origin_selection_range:
    end:
      character: 11
      line: 64
    start:
      character: 4
      line: 64
  target_range:
    end:
      character: 0
      line: 3767
    start:
      character: 0
      line: 3766
  target_selection_range:
    end:
      character: 0
      line: 3767
    start:
      character: 0
      line: 3766
  target_uri: BuiltIn.py
