data: !GeneratedTestData
  character: 16
  line: 89
  name: BuiltIn variable
result: !Hover
  contents:
    kind: markdown
    value: (builtin variable) ${CURDIR}
  range:
    end:
      character: 19
      line: 89
    start:
      character: 13
      line: 89
