data: !GeneratedTestData
  character: 15
  line: 92
  name: a keyword in setup
result:
- !LocationLink
  origin_selection_range:
    end:
      character: 18
      line: 92
    start:
      character: 15
      line: 92
  target_range:
    end:
      character: 0
      line: 3087
    start:
      character: 0
      line: 3086
  target_selection_range:
    end:
      character: 0
      line: 3087
    start:
      character: 0
      line: 3086
  target_uri: BuiltIn.py
