data: !GeneratedTestData
  character: 10
  line: 218
  name: namespace of unknown lib
result: !Hover
  contents:
    kind: markdown
    value: '### Library *UnknownLibrary*'
  range:
    end:
      character: 11
      line: 218
    start:
      character: 4
      line: 218
