data: !GeneratedTestData
  character: 6
  line: 164
  name: BDD And
result: null
