data: !GeneratedTestData
  character: 64
  line: 194
  name: an argument in doc
result: null
