data: !GeneratedTestData
  character: 69
  line: 170
  name: an argument in doc
result:
- !DocumentHighlight
  kind: 1
  range:
    end:
      character: 69
      line: 170
    start:
      character: 69
      line: 170
