data: !GeneratedTestData
  character: 11
  line: 59
  name: Keyword assignement
result:
- !Location
  range:
    end:
      character: 12
      line: 59
    start:
      character: 6
      line: 59
  uri: tests/references.robot
- !Location
  range:
    end:
      character: 31
      line: 61
    start:
      character: 25
      line: 61
  uri: tests/references.robot
- !Location
  range:
    end:
      character: 12
      line: 62
    start:
      character: 6
      line: 62
  uri: tests/references.robot
- !Location
  range:
    end:
      character: 31
      line: 64
    start:
      character: 25
      line: 64
  uri: tests/references.robot
