data: !GeneratedTestData
  character: 15
  line: 246
  name: run keywords
result: !Hover
  contents:
    kind: markdown
    value: '### Keyword *Run Keywords*'
  range:
    end:
      character: 16
      line: 246
    start:
      character: 4
      line: 246
