data: !GeneratedTestData
  character: 13
  line: 191
  name: argument usage
result:
- !LocationLink
  origin_selection_range:
    end:
      character: 14
      line: 191
    start:
      character: 13
      line: 191
  target_range:
    end:
      character: 23
      line: 187
    start:
      character: 19
      line: 187
  target_selection_range:
    end:
      character: 22
      line: 187
    start:
      character: 21
      line: 187
  target_uri: goto.robot
