data: !GeneratedTestData
  character: 19
  line: 161
  name: an argument in tags
result:
- !DocumentHighlight
  kind: 1
  range:
    end:
      character: 19
      line: 161
    start:
      character: 19
      line: 161
