data: !GeneratedTestData
  character: 13
  line: 105
  name: a keyword with namespace and emoji
result: null
