data: !GeneratedTestData
  character: 4
  line: 81
  name: error multiple keywords ignored
result: null
