data: !GeneratedTestData
  character: 24
  line: 79
  name: error multiple keywords
result: null
