data: !GeneratedTestData
  character: 1
  line: 86
  name: while end
result: []
