data: !GeneratedTestData
  character: 17
  line: 1
  name: Separator
result: null
