data: !GeneratedTestData
  character: 1
  line: 57
  name: unreachable keyword
result: !DocumentSymbol
  children: []
  deprecated: null
  detail: null
  kind: 2
  name: Keywords
  range:
    end:
      character: 1
      line: 61
    start:
      character: 0
      line: 56
  selection_range:
    end:
      character: 1
      line: 61
    start:
      character: 0
      line: 56
  tags: null
