result: !SemanticTokens
  data:
  - 0
  - 0
  - 17
  - 28
  - 0
  - 5
  - 0
  - 18
  - 29
  - 0
  - 1
  - 0
  - 5
  - 33
  - 1
  - 1
  - 4
  - 3
  - 39
  - 1024
  - 2
  - 4
  - 3
  - 39
  - 1024
  - 1
  - 4
  - 3
  - 39
  - 1024
  - 1
  - 4
  - 8
  - 39
  - 0
  - 1
  - 4
  - 3
  - 39
  - 1024
  - 1
  - 4
  - 3
  - 39
  - 1024
  - 1
  - 4
  - 3
  - 39
  - 1024
  - 1
  - 12
  - 2
  - 35
  - 0
  - 0
  - 11
  - 8
  - 39
  - 1024
  - 0
  - 17
  - 4
  - 35
  - 0
  - 0
  - 8
  - 8
  - 39
  - 1024
  - 1
  - 4
  - 3
  - 39
  - 1024
  - 4
  - 0
  - 16
  - 32
  - 0
  - 1
  - 0
  - 8
  - 34
  - 1
  - 1
  - 4
  - 1
  - 21
  - 0
  - 0
  - 1
  - 9
  - 25
  - 0
  - 0
  - 9
  - 1
  - 21
  - 0
  - 0
  - 5
  - 4
  - 56
  - 0
  - 0
  - 8
  - 4
  - 56
  - 0
  - 0
  - 6
  - 4
  - 56
  - 0
  - 1
  - 4
  - 3
  - 39
  - 1024
  - 1
  - 4
  - 3
  - 39
  - 1024
  result_id: null
