data: !GeneratedTestData
  character: 24
  line: 81
  name: error multiple keywords ignored
result: null
