data: !GeneratedTestData
  character: 49
  line: 251
  name: run keywords simple keyword and AND
result: !Hover
  contents:
    kind: markdown
    value: '### Keyword *a simple keyword*'
  range:
    end:
      character: 50
      line: 251
    start:
      character: 34
      line: 251
