data: !GeneratedTestData
  character: 23
  line: 14
  name: user library with arguments and variable
result:
- !CodeAction
  command:
    arguments:
    - <removed>
    command: robotcode.showDocumentation
    title: Open Documentation
  data: null
  diagnostics: null
  disabled: null
  edit: null
  is_preferred: null
  kind: source
  title: Open Documentation
