data: !GeneratedTestData
  character: 1
  line: 0
  name: Settings start
result:
- !FoldingRange
  collapsed_text: null
  end_character: 1
  end_line: 4
  kind: section
  start_character: 0
  start_line: 0
