data: !GeneratedTestData
  character: 1
  line: 120
  name: finally start
result:
- !FoldingRange
  collapsed_text: null
  end_character: null
  end_line: 122
  kind: try
  start_character: null
  start_line: 120
