result: !SemanticTokens
  data:
  - 0
  - 0
  - 16
  - 27
  - 0
  - 1
  - 0
  - 4
  - 54
  - 0
  result_id: null
