data: !GeneratedTestData
  character: 20
  line: 11
  name: a custom library
result:
- !Location
  range:
    end:
      character: 26
      line: 1
    start:
      character: 18
      line: 1
  uri: resources/firstresource.resource
- !Location
  range:
    end:
      character: 24
      line: 12
    start:
      character: 16
      line: 12
  uri: tests/code_action_show_documentation.robot
- !Location
  range:
    end:
      character: 24
      line: 14
    start:
      character: 16
      line: 14
  uri: tests/code_action_show_documentation.robot
- !Location
  range:
    end:
      character: 24
      line: 9
    start:
      character: 16
      line: 9
  uri: tests/document_highlight.robot
- !Location
  range:
    end:
      character: 24
      line: 10
    start:
      character: 16
      line: 10
  uri: tests/document_highlight.robot
- !Location
  range:
    end:
      character: 21
      line: 6
    start:
      character: 10
      line: 6
  uri: tests/duplicated_resources.robot
- !Location
  range:
    end:
      character: 19
      line: 7
    start:
      character: 11
      line: 7
  uri: tests/duplicated_resources.robot
- !Location
  range:
    end:
      character: 22
      line: 1
    start:
      character: 11
      line: 1
  uri: tests/external_libray.robot
- !Location
  range:
    end:
      character: 43
      line: 14
    start:
      character: 18
      line: 14
  uri: tests/goto.robot
- !Location
  range:
    end:
      character: 26
      line: 3
    start:
      character: 18
      line: 3
  uri: tests/hover.robot
- !Location
  range:
    end:
      character: 26
      line: 5
    start:
      character: 18
      line: 5
  uri: tests/hover.robot
- !Location
  range:
    end:
      character: 24
      line: 11
    start:
      character: 16
      line: 11
  uri: tests/references.robot
- !Location
  range:
    end:
      character: 24
      line: 13
    start:
      character: 16
      line: 13
  uri: tests/references.robot
