data: !GeneratedTestData
  character: 9
  line: 38
  name: no hover for invalid variable
result: !Hover
  contents:
    kind: markdown
    value: '### Suite Variable `${INVALID VAR ${}}`'
  range:
    end:
      character: 17
      line: 38
    start:
      character: 2
      line: 38
